// Jest Snapshot v1, https://goo.gl/fbAQLP

exports[`heatmap loads posts into heatmap via subreddit in URL 1`] = `
Array [
  "<span class=\\"sc-hBEYos kLYFQy\\">2</span>",
  "<span class=\\"sc-hBEYos kLYFQy\\">0</span>",
  "<span class=\\"sc-hBEYos kLYFQy\\">3</span>",
  "<span class=\\"sc-hBEYos kLYFQy\\">0</span>",
  "<span class=\\"sc-hBEYos kLYFQy\\">3</span>",
  "<span class=\\"sc-hBEYos kLYFQy\\">0</span>",
  "<span class=\\"sc-hBEYos kLYFQy\\">2</span>",
  "<span class=\\"sc-hBEYos kLYFQy\\">2</span>",
  "<span class=\\"sc-hBEYos kLYFQy\\">0</span>",
  "<span class=\\"sc-hBEYos kLYFQy\\">1</span>",
  "<span class=\\"sc-hBEYos kLYFQy\\">4</span>",
  "<span class=\\"sc-hBEYos kLYFQy\\">0</span>",
  "<span class=\\"sc-hBEYos kLYFQy\\">3</span>",
  "<span class=\\"sc-hBEYos kLYFQy\\">2</span>",
  "<span class=\\"sc-hBEYos kLYFQy\\">3</span>",
  "<span class=\\"sc-hBEYos kLYFQy\\">7</span>",
  "<span class=\\"sc-hBEYos kLYFQy\\">9</span>",
  "<span class=\\"sc-hBEYos kLYFQy\\">2</span>",
  "<span class=\\"sc-hBEYos kLYFQy\\">7</span>",
  "<span class=\\"sc-hBEYos kLYFQy\\">1</span>",
  "<span class=\\"sc-hBEYos kLYFQy\\">2</span>",
  "<span class=\\"sc-hBEYos kLYFQy\\">1</span>",
  "<span class=\\"sc-hBEYos kLYFQy\\">1</span>",
  "<span class=\\"sc-hBEYos kLYFQy\\">1</span>",
  "<span class=\\"sc-hBEYos kLYFQy\\">3</span>",
  "<span class=\\"sc-hBEYos kLYFQy\\">2</span>",
  "<span class=\\"sc-hBEYos kLYFQy\\">1</span>",
  "<span class=\\"sc-hBEYos kLYFQy\\">0</span>",
  "<span class=\\"sc-hBEYos kLYFQy\\">1</span>",
  "<span class=\\"sc-hBEYos kLYFQy\\">3</span>",
  "<span class=\\"sc-hBEYos kLYFQy\\">1</span>",
  "<span class=\\"sc-hBEYos kLYFQy\\">5</span>",
  "<span class=\\"sc-hBEYos kLYFQy\\">3</span>",
  "<span class=\\"sc-hBEYos kLYFQy\\">4</span>",
  "<span class=\\"sc-hBEYos kLYFQy\\">4</span>",
  "<span class=\\"sc-hBEYos kLYFQy\\">1</span>",
  "<span class=\\"sc-hBEYos kLYFQy\\">2</span>",
  "<span class=\\"sc-hBEYos kLYFQy\\">5</span>",
  "<span class=\\"sc-hBEYos kLYFQy\\">0</span>",
  "<span class=\\"sc-hBEYos kLYFQy\\">6</span>",
  "<span class=\\"sc-hBEYos kLYFQy\\">12</span>",
  "<span class=\\"sc-hBEYos kLYFQy\\">6</span>",
  "<span class=\\"sc-hBEYos kLYFQy\\">6</span>",
  "<span class=\\"sc-hBEYos kLYFQy\\">4</span>",
  "<span class=\\"sc-hBEYos kLYFQy\\">2</span>",
  "<span class=\\"sc-hBEYos kLYFQy\\">5</span>",
  "<span class=\\"sc-hBEYos kLYFQy\\">3</span>",
  "<span class=\\"sc-hBEYos kLYFQy\\">3</span>",
  "<span class=\\"sc-hBEYos kLYFQy\\">2</span>",
  "<span class=\\"sc-hBEYos kLYFQy\\">1</span>",
  "<span class=\\"sc-hBEYos kLYFQy\\">3</span>",
  "<span class=\\"sc-hBEYos kLYFQy\\">1</span>",
  "<span class=\\"sc-hBEYos kLYFQy\\">1</span>",
  "<span class=\\"sc-hBEYos kLYFQy\\">0</span>",
  "<span class=\\"sc-hBEYos kLYFQy\\">2</span>",
  "<span class=\\"sc-hBEYos kLYFQy\\">1</span>",
  "<span class=\\"sc-hBEYos kLYFQy\\">1</span>",
  "<span class=\\"sc-hBEYos kLYFQy\\">4</span>",
  "<span class=\\"sc-hBEYos kLYFQy\\">0</span>",
  "<span class=\\"sc-hBEYos kLYFQy\\">1</span>",
  "<span class=\\"sc-hBEYos kLYFQy\\">3</span>",
  "<span class=\\"sc-hBEYos kLYFQy\\">6</span>",
  "<span class=\\"sc-hBEYos kLYFQy\\">9</span>",
  "<span class=\\"sc-hBEYos kLYFQy\\">6</span>",
  "<span class=\\"sc-hBEYos kLYFQy\\">7</span>",
  "<span class=\\"sc-hBEYos kLYFQy\\">5</span>",
  "<span class=\\"sc-hBEYos kLYFQy\\">7</span>",
  "<span class=\\"sc-hBEYos kLYFQy\\">2</span>",
  "<span class=\\"sc-hBEYos kLYFQy\\">4</span>",
  "<span class=\\"sc-hBEYos kLYFQy\\">4</span>",
  "<span class=\\"sc-hBEYos kLYFQy\\">4</span>",
  "<span class=\\"sc-hBEYos kLYFQy\\">3</span>",
  "<span class=\\"sc-hBEYos kLYFQy\\">0</span>",
  "<span class=\\"sc-hBEYos kLYFQy\\">1</span>",
  "<span class=\\"sc-hBEYos kLYFQy\\">2</span>",
  "<span class=\\"sc-hBEYos kLYFQy\\">2</span>",
  "<span class=\\"sc-hBEYos kLYFQy\\">0</span>",
  "<span class=\\"sc-hBEYos kLYFQy\\">3</span>",
  "<span class=\\"sc-hBEYos kLYFQy\\">1</span>",
  "<span class=\\"sc-hBEYos kLYFQy\\">3</span>",
  "<span class=\\"sc-hBEYos kLYFQy\\">1</span>",
  "<span class=\\"sc-hBEYos kLYFQy\\">3</span>",
  "<span class=\\"sc-hBEYos kLYFQy\\">4</span>",
  "<span class=\\"sc-hBEYos kLYFQy\\">2</span>",
  "<span class=\\"sc-hBEYos kLYFQy\\">4</span>",
  "<span class=\\"sc-hBEYos kLYFQy\\">5</span>",
  "<span class=\\"sc-hBEYos kLYFQy\\">5</span>",
  "<span class=\\"sc-hBEYos kLYFQy\\">7</span>",
  "<span class=\\"sc-hBEYos kLYFQy\\">5</span>",
  "<span class=\\"sc-hBEYos kLYFQy\\">4</span>",
  "<span class=\\"sc-hBEYos kLYFQy\\">5</span>",
  "<span class=\\"sc-hBEYos kLYFQy\\">1</span>",
  "<span class=\\"sc-hBEYos kLYFQy\\">4</span>",
  "<span class=\\"sc-hBEYos kLYFQy\\">3</span>",
  "<span class=\\"sc-hBEYos kLYFQy\\">3</span>",
  "<span class=\\"sc-hBEYos kLYFQy\\">3</span>",
  "<span class=\\"sc-hBEYos kLYFQy\\">3</span>",
  "<span class=\\"sc-hBEYos kLYFQy\\">0</span>",
  "<span class=\\"sc-hBEYos kLYFQy\\">2</span>",
  "<span class=\\"sc-hBEYos kLYFQy\\">0</span>",
  "<span class=\\"sc-hBEYos kLYFQy\\">2</span>",
  "<span class=\\"sc-hBEYos kLYFQy\\">0</span>",
  "<span class=\\"sc-hBEYos kLYFQy\\">1</span>",
  "<span class=\\"sc-hBEYos kLYFQy\\">0</span>",
  "<span class=\\"sc-hBEYos kLYFQy\\">3</span>",
  "<span class=\\"sc-hBEYos kLYFQy\\">1</span>",
  "<span class=\\"sc-hBEYos kLYFQy\\">3</span>",
  "<span class=\\"sc-hBEYos kLYFQy\\">3</span>",
  "<span class=\\"sc-hBEYos kLYFQy\\">5</span>",
  "<span class=\\"sc-hBEYos kLYFQy\\">5</span>",
  "<span class=\\"sc-hBEYos kLYFQy\\">7</span>",
  "<span class=\\"sc-hBEYos kLYFQy\\">5</span>",
  "<span class=\\"sc-hBEYos kLYFQy\\">5</span>",
  "<span class=\\"sc-hBEYos kLYFQy\\">7</span>",
  "<span class=\\"sc-hBEYos kLYFQy\\">4</span>",
  "<span class=\\"sc-hBEYos kLYFQy\\">3</span>",
  "<span class=\\"sc-hBEYos kLYFQy\\">2</span>",
  "<span class=\\"sc-hBEYos kLYFQy\\">1</span>",
  "<span class=\\"sc-hBEYos kLYFQy\\">7</span>",
  "<span class=\\"sc-hBEYos kLYFQy\\">5</span>",
  "<span class=\\"sc-hBEYos kLYFQy\\">3</span>",
  "<span class=\\"sc-hBEYos kLYFQy\\">2</span>",
  "<span class=\\"sc-hBEYos kLYFQy\\">2</span>",
  "<span class=\\"sc-hBEYos kLYFQy\\">3</span>",
  "<span class=\\"sc-hBEYos kLYFQy\\">3</span>",
  "<span class=\\"sc-hBEYos kLYFQy\\">0</span>",
  "<span class=\\"sc-hBEYos kLYFQy\\">2</span>",
  "<span class=\\"sc-hBEYos kLYFQy\\">1</span>",
  "<span class=\\"sc-hBEYos kLYFQy\\">2</span>",
  "<span class=\\"sc-hBEYos kLYFQy\\">0</span>",
  "<span class=\\"sc-hBEYos kLYFQy\\">1</span>",
  "<span class=\\"sc-hBEYos kLYFQy\\">3</span>",
  "<span class=\\"sc-hBEYos kLYFQy\\">4</span>",
  "<span class=\\"sc-hBEYos kLYFQy\\">4</span>",
  "<span class=\\"sc-hBEYos kLYFQy\\">4</span>",
  "<span class=\\"sc-hBEYos kLYFQy\\">4</span>",
  "<span class=\\"sc-hBEYos kLYFQy\\">6</span>",
  "<span class=\\"sc-hBEYos kLYFQy\\">4</span>",
  "<span class=\\"sc-hBEYos kLYFQy\\">4</span>",
  "<span class=\\"sc-hBEYos kLYFQy\\">1</span>",
  "<span class=\\"sc-hBEYos kLYFQy\\">4</span>",
  "<span class=\\"sc-hBEYos kLYFQy\\">7</span>",
  "<span class=\\"sc-hBEYos kLYFQy\\">3</span>",
  "<span class=\\"sc-hBEYos kLYFQy\\">2</span>",
  "<span class=\\"sc-hBEYos kLYFQy\\">2</span>",
  "<span class=\\"sc-hBEYos kLYFQy\\">1</span>",
  "<span class=\\"sc-hBEYos kLYFQy\\">4</span>",
  "<span class=\\"sc-hBEYos kLYFQy\\">0</span>",
  "<span class=\\"sc-hBEYos kLYFQy\\">3</span>",
  "<span class=\\"sc-hBEYos kLYFQy\\">0</span>",
  "<span class=\\"sc-hBEYos kLYFQy\\">2</span>",
  "<span class=\\"sc-hBEYos kLYFQy\\">1</span>",
  "<span class=\\"sc-hBEYos kLYFQy\\">2</span>",
  "<span class=\\"sc-hBEYos kLYFQy\\">1</span>",
  "<span class=\\"sc-hBEYos kLYFQy\\">5</span>",
  "<span class=\\"sc-hBEYos kLYFQy\\">5</span>",
  "<span class=\\"sc-hBEYos kLYFQy\\">2</span>",
  "<span class=\\"sc-hBEYos kLYFQy\\">5</span>",
  "<span class=\\"sc-hBEYos kLYFQy\\">3</span>",
  "<span class=\\"sc-hBEYos kLYFQy\\">5</span>",
  "<span class=\\"sc-hBEYos kLYFQy\\">6</span>",
  "<span class=\\"sc-hBEYos kLYFQy\\">1</span>",
  "<span class=\\"sc-hBEYos kLYFQy\\">5</span>",
  "<span class=\\"sc-hBEYos kLYFQy\\">7</span>",
  "<span class=\\"sc-hBEYos kLYFQy\\">4</span>",
  "<span class=\\"sc-hBEYos kLYFQy\\">2</span>",
  "<span class=\\"sc-hBEYos kLYFQy\\">1</span>",
  "<span class=\\"sc-hBEYos kLYFQy\\">4</span>",
]
`;
