// Jest Snapshot v1, https://goo.gl/fbAQLP

exports[`heatmap loads posts into heatmap via subreddit in URL 1`] = `
Array [
  "<span class=\\"sc-kEjbxe ELgsz\\">2</span>",
  "<span class=\\"sc-kEjbxe ELgsz\\">1</span>",
  "<span class=\\"sc-kEjbxe ELgsz\\">3</span>",
  "<span class=\\"sc-kEjbxe ELgsz\\">0</span>",
  "<span class=\\"sc-kEjbxe ELgsz\\">3</span>",
  "<span class=\\"sc-kEjbxe ELgsz\\">0</span>",
  "<span class=\\"sc-kEjbxe ELgsz\\">2</span>",
  "<span class=\\"sc-kEjbxe ELgsz\\">2</span>",
  "<span class=\\"sc-kEjbxe ELgsz\\">0</span>",
  "<span class=\\"sc-kEjbxe ELgsz\\">1</span>",
  "<span class=\\"sc-kEjbxe ELgsz\\">4</span>",
  "<span class=\\"sc-kEjbxe ELgsz\\">0</span>",
  "<span class=\\"sc-kEjbxe ELgsz\\">3</span>",
  "<span class=\\"sc-kEjbxe ELgsz\\">2</span>",
  "<span class=\\"sc-kEjbxe ELgsz\\">3</span>",
  "<span class=\\"sc-kEjbxe ELgsz\\">7</span>",
  "<span class=\\"sc-kEjbxe ELgsz\\">9</span>",
  "<span class=\\"sc-kEjbxe ELgsz\\">1</span>",
  "<span class=\\"sc-kEjbxe ELgsz\\">7</span>",
  "<span class=\\"sc-kEjbxe ELgsz\\">1</span>",
  "<span class=\\"sc-kEjbxe ELgsz\\">2</span>",
  "<span class=\\"sc-kEjbxe ELgsz\\">1</span>",
  "<span class=\\"sc-kEjbxe ELgsz\\">1</span>",
  "<span class=\\"sc-kEjbxe ELgsz\\">1</span>",
  "<span class=\\"sc-kEjbxe ELgsz\\">3</span>",
  "<span class=\\"sc-kEjbxe ELgsz\\">2</span>",
  "<span class=\\"sc-kEjbxe ELgsz\\">1</span>",
  "<span class=\\"sc-kEjbxe ELgsz\\">0</span>",
  "<span class=\\"sc-kEjbxe ELgsz\\">2</span>",
  "<span class=\\"sc-kEjbxe ELgsz\\">3</span>",
  "<span class=\\"sc-kEjbxe ELgsz\\">1</span>",
  "<span class=\\"sc-kEjbxe ELgsz\\">5</span>",
  "<span class=\\"sc-kEjbxe ELgsz\\">2</span>",
  "<span class=\\"sc-kEjbxe ELgsz\\">4</span>",
  "<span class=\\"sc-kEjbxe ELgsz\\">4</span>",
  "<span class=\\"sc-kEjbxe ELgsz\\">1</span>",
  "<span class=\\"sc-kEjbxe ELgsz\\">1</span>",
  "<span class=\\"sc-kEjbxe ELgsz\\">5</span>",
  "<span class=\\"sc-kEjbxe ELgsz\\">0</span>",
  "<span class=\\"sc-kEjbxe ELgsz\\">6</span>",
  "<span class=\\"sc-kEjbxe ELgsz\\">12</span>",
  "<span class=\\"sc-kEjbxe ELgsz\\">6</span>",
  "<span class=\\"sc-kEjbxe ELgsz\\">6</span>",
  "<span class=\\"sc-kEjbxe ELgsz\\">5</span>",
  "<span class=\\"sc-kEjbxe ELgsz\\">2</span>",
  "<span class=\\"sc-kEjbxe ELgsz\\">5</span>",
  "<span class=\\"sc-kEjbxe ELgsz\\">3</span>",
  "<span class=\\"sc-kEjbxe ELgsz\\">3</span>",
  "<span class=\\"sc-kEjbxe ELgsz\\">2</span>",
  "<span class=\\"sc-kEjbxe ELgsz\\">1</span>",
  "<span class=\\"sc-kEjbxe ELgsz\\">3</span>",
  "<span class=\\"sc-kEjbxe ELgsz\\">1</span>",
  "<span class=\\"sc-kEjbxe ELgsz\\">1</span>",
  "<span class=\\"sc-kEjbxe ELgsz\\">0</span>",
  "<span class=\\"sc-kEjbxe ELgsz\\">2</span>",
  "<span class=\\"sc-kEjbxe ELgsz\\">1</span>",
  "<span class=\\"sc-kEjbxe ELgsz\\">1</span>",
  "<span class=\\"sc-kEjbxe ELgsz\\">4</span>",
  "<span class=\\"sc-kEjbxe ELgsz\\">0</span>",
  "<span class=\\"sc-kEjbxe ELgsz\\">2</span>",
  "<span class=\\"sc-kEjbxe ELgsz\\">3</span>",
  "<span class=\\"sc-kEjbxe ELgsz\\">6</span>",
  "<span class=\\"sc-kEjbxe ELgsz\\">9</span>",
  "<span class=\\"sc-kEjbxe ELgsz\\">6</span>",
  "<span class=\\"sc-kEjbxe ELgsz\\">7</span>",
  "<span class=\\"sc-kEjbxe ELgsz\\">5</span>",
  "<span class=\\"sc-kEjbxe ELgsz\\">7</span>",
  "<span class=\\"sc-kEjbxe ELgsz\\">2</span>",
  "<span class=\\"sc-kEjbxe ELgsz\\">3</span>",
  "<span class=\\"sc-kEjbxe ELgsz\\">4</span>",
  "<span class=\\"sc-kEjbxe ELgsz\\">4</span>",
  "<span class=\\"sc-kEjbxe ELgsz\\">3</span>",
  "<span class=\\"sc-kEjbxe ELgsz\\">0</span>",
  "<span class=\\"sc-kEjbxe ELgsz\\">1</span>",
  "<span class=\\"sc-kEjbxe ELgsz\\">2</span>",
  "<span class=\\"sc-kEjbxe ELgsz\\">2</span>",
  "<span class=\\"sc-kEjbxe ELgsz\\">0</span>",
  "<span class=\\"sc-kEjbxe ELgsz\\">3</span>",
  "<span class=\\"sc-kEjbxe ELgsz\\">1</span>",
  "<span class=\\"sc-kEjbxe ELgsz\\">3</span>",
  "<span class=\\"sc-kEjbxe ELgsz\\">1</span>",
  "<span class=\\"sc-kEjbxe ELgsz\\">3</span>",
  "<span class=\\"sc-kEjbxe ELgsz\\">4</span>",
  "<span class=\\"sc-kEjbxe ELgsz\\">2</span>",
  "<span class=\\"sc-kEjbxe ELgsz\\">4</span>",
  "<span class=\\"sc-kEjbxe ELgsz\\">5</span>",
  "<span class=\\"sc-kEjbxe ELgsz\\">5</span>",
  "<span class=\\"sc-kEjbxe ELgsz\\">7</span>",
  "<span class=\\"sc-kEjbxe ELgsz\\">4</span>",
  "<span class=\\"sc-kEjbxe ELgsz\\">4</span>",
  "<span class=\\"sc-kEjbxe ELgsz\\">6</span>",
  "<span class=\\"sc-kEjbxe ELgsz\\">1</span>",
  "<span class=\\"sc-kEjbxe ELgsz\\">4</span>",
  "<span class=\\"sc-kEjbxe ELgsz\\">3</span>",
  "<span class=\\"sc-kEjbxe ELgsz\\">3</span>",
  "<span class=\\"sc-kEjbxe ELgsz\\">4</span>",
  "<span class=\\"sc-kEjbxe ELgsz\\">3</span>",
  "<span class=\\"sc-kEjbxe ELgsz\\">0</span>",
  "<span class=\\"sc-kEjbxe ELgsz\\">2</span>",
  "<span class=\\"sc-kEjbxe ELgsz\\">0</span>",
  "<span class=\\"sc-kEjbxe ELgsz\\">2</span>",
  "<span class=\\"sc-kEjbxe ELgsz\\">0</span>",
  "<span class=\\"sc-kEjbxe ELgsz\\">1</span>",
  "<span class=\\"sc-kEjbxe ELgsz\\">0</span>",
  "<span class=\\"sc-kEjbxe ELgsz\\">3</span>",
  "<span class=\\"sc-kEjbxe ELgsz\\">1</span>",
  "<span class=\\"sc-kEjbxe ELgsz\\">3</span>",
  "<span class=\\"sc-kEjbxe ELgsz\\">3</span>",
  "<span class=\\"sc-kEjbxe ELgsz\\">4</span>",
  "<span class=\\"sc-kEjbxe ELgsz\\">5</span>",
  "<span class=\\"sc-kEjbxe ELgsz\\">7</span>",
  "<span class=\\"sc-kEjbxe ELgsz\\">5</span>",
  "<span class=\\"sc-kEjbxe ELgsz\\">5</span>",
  "<span class=\\"sc-kEjbxe ELgsz\\">7</span>",
  "<span class=\\"sc-kEjbxe ELgsz\\">4</span>",
  "<span class=\\"sc-kEjbxe ELgsz\\">4</span>",
  "<span class=\\"sc-kEjbxe ELgsz\\">2</span>",
  "<span class=\\"sc-kEjbxe ELgsz\\">1</span>",
  "<span class=\\"sc-kEjbxe ELgsz\\">7</span>",
  "<span class=\\"sc-kEjbxe ELgsz\\">5</span>",
  "<span class=\\"sc-kEjbxe ELgsz\\">3</span>",
  "<span class=\\"sc-kEjbxe ELgsz\\">2</span>",
  "<span class=\\"sc-kEjbxe ELgsz\\">2</span>",
  "<span class=\\"sc-kEjbxe ELgsz\\">3</span>",
  "<span class=\\"sc-kEjbxe ELgsz\\">3</span>",
  "<span class=\\"sc-kEjbxe ELgsz\\">0</span>",
  "<span class=\\"sc-kEjbxe ELgsz\\">2</span>",
  "<span class=\\"sc-kEjbxe ELgsz\\">2</span>",
  "<span class=\\"sc-kEjbxe ELgsz\\">2</span>",
  "<span class=\\"sc-kEjbxe ELgsz\\">0</span>",
  "<span class=\\"sc-kEjbxe ELgsz\\">1</span>",
  "<span class=\\"sc-kEjbxe ELgsz\\">2</span>",
  "<span class=\\"sc-kEjbxe ELgsz\\">4</span>",
  "<span class=\\"sc-kEjbxe ELgsz\\">4</span>",
  "<span class=\\"sc-kEjbxe ELgsz\\">4</span>",
  "<span class=\\"sc-kEjbxe ELgsz\\">4</span>",
  "<span class=\\"sc-kEjbxe ELgsz\\">5</span>",
  "<span class=\\"sc-kEjbxe ELgsz\\">4</span>",
  "<span class=\\"sc-kEjbxe ELgsz\\">4</span>",
  "<span class=\\"sc-kEjbxe ELgsz\\">1</span>",
  "<span class=\\"sc-kEjbxe ELgsz\\">4</span>",
  "<span class=\\"sc-kEjbxe ELgsz\\">7</span>",
  "<span class=\\"sc-kEjbxe ELgsz\\">4</span>",
  "<span class=\\"sc-kEjbxe ELgsz\\">2</span>",
  "<span class=\\"sc-kEjbxe ELgsz\\">2</span>",
  "<span class=\\"sc-kEjbxe ELgsz\\">1</span>",
  "<span class=\\"sc-kEjbxe ELgsz\\">3</span>",
  "<span class=\\"sc-kEjbxe ELgsz\\">0</span>",
  "<span class=\\"sc-kEjbxe ELgsz\\">3</span>",
  "<span class=\\"sc-kEjbxe ELgsz\\">0</span>",
  "<span class=\\"sc-kEjbxe ELgsz\\">2</span>",
  "<span class=\\"sc-kEjbxe ELgsz\\">1</span>",
  "<span class=\\"sc-kEjbxe ELgsz\\">2</span>",
  "<span class=\\"sc-kEjbxe ELgsz\\">1</span>",
  "<span class=\\"sc-kEjbxe ELgsz\\">5</span>",
  "<span class=\\"sc-kEjbxe ELgsz\\">5</span>",
  "<span class=\\"sc-kEjbxe ELgsz\\">2</span>",
  "<span class=\\"sc-kEjbxe ELgsz\\">5</span>",
  "<span class=\\"sc-kEjbxe ELgsz\\">3</span>",
  "<span class=\\"sc-kEjbxe ELgsz\\">5</span>",
  "<span class=\\"sc-kEjbxe ELgsz\\">6</span>",
  "<span class=\\"sc-kEjbxe ELgsz\\">1</span>",
  "<span class=\\"sc-kEjbxe ELgsz\\">5</span>",
  "<span class=\\"sc-kEjbxe ELgsz\\">7</span>",
  "<span class=\\"sc-kEjbxe ELgsz\\">4</span>",
  "<span class=\\"sc-kEjbxe ELgsz\\">2</span>",
  "<span class=\\"sc-kEjbxe ELgsz\\">1</span>",
  "<span class=\\"sc-kEjbxe ELgsz\\">4</span>",
]
`;
