// Jest Snapshot v1, https://goo.gl/fbAQLP

exports[`useFetchPosts loads 500 posts from reddit 1`] = `
Array [
  Object {
    "data": Object {
      "created_utc": 1562095812,
    },
  },
  Object {
    "data": Object {
      "created_utc": 1562776640,
    },
  },
  Object {
    "data": Object {
      "created_utc": 1584378542,
    },
  },
  Object {
    "data": Object {
      "created_utc": 1583477106,
    },
  },
  Object {
    "data": Object {
      "created_utc": 1580494108,
    },
  },
  Object {
    "data": Object {
      "created_utc": 1577903531,
    },
  },
  Object {
    "data": Object {
      "created_utc": 1585422187,
    },
  },
  Object {
    "data": Object {
      "created_utc": 1587239639,
    },
  },
  Object {
    "data": Object {
      "created_utc": 1567177548,
    },
  },
  Object {
    "data": Object {
      "created_utc": 1558385640,
    },
  },
  Object {
    "data": Object {
      "created_utc": 1583588399,
    },
  },
  Object {
    "data": Object {
      "created_utc": 1571442726,
    },
  },
  Object {
    "data": Object {
      "created_utc": 1566826802,
    },
  },
  Object {
    "data": Object {
      "created_utc": 1587953622,
    },
  },
  Object {
    "data": Object {
      "created_utc": 1570646353,
    },
  },
  Object {
    "data": Object {
      "created_utc": 1588266819,
    },
  },
  Object {
    "data": Object {
      "created_utc": 1587655788,
    },
  },
  Object {
    "data": Object {
      "created_utc": 1558514560,
    },
  },
  Object {
    "data": Object {
      "created_utc": 1560550471,
    },
  },
  Object {
    "data": Object {
      "created_utc": 1569934537,
    },
  },
  Object {
    "data": Object {
      "created_utc": 1574127107,
    },
  },
  Object {
    "data": Object {
      "created_utc": 1581574173,
    },
  },
  Object {
    "data": Object {
      "created_utc": 1576706398,
    },
  },
  Object {
    "data": Object {
      "created_utc": 1560928534,
    },
  },
  Object {
    "data": Object {
      "created_utc": 1585599045,
    },
  },
  Object {
    "data": Object {
      "created_utc": 1560346365,
    },
  },
  Object {
    "data": Object {
      "created_utc": 1559811046,
    },
  },
  Object {
    "data": Object {
      "created_utc": 1569872471,
    },
  },
  Object {
    "data": Object {
      "created_utc": 1569350017,
    },
  },
  Object {
    "data": Object {
      "created_utc": 1579887873,
    },
  },
  Object {
    "data": Object {
      "created_utc": 1566562053,
    },
  },
  Object {
    "data": Object {
      "created_utc": 1565574642,
    },
  },
  Object {
    "data": Object {
      "created_utc": 1568801716,
    },
  },
  Object {
    "data": Object {
      "created_utc": 1570195890,
    },
  },
  Object {
    "data": Object {
      "created_utc": 1557581270,
    },
  },
  Object {
    "data": Object {
      "created_utc": 1577820990,
    },
  },
  Object {
    "data": Object {
      "created_utc": 1569290646,
    },
  },
  Object {
    "data": Object {
      "created_utc": 1587482922,
    },
  },
  Object {
    "data": Object {
      "created_utc": 1560456016,
    },
  },
  Object {
    "data": Object {
      "created_utc": 1559173621,
    },
  },
  Object {
    "data": Object {
      "created_utc": 1561846192,
    },
  },
  Object {
    "data": Object {
      "created_utc": 1571597962,
    },
  },
  Object {
    "data": Object {
      "created_utc": 1567465656,
    },
  },
  Object {
    "data": Object {
      "created_utc": 1588728055,
    },
  },
  Object {
    "data": Object {
      "created_utc": 1583717564,
    },
  },
  Object {
    "data": Object {
      "created_utc": 1570849761,
    },
  },
  Object {
    "data": Object {
      "created_utc": 1588502683,
    },
  },
  Object {
    "data": Object {
      "created_utc": 1580328997,
    },
  },
  Object {
    "data": Object {
      "created_utc": 1568675783,
    },
  },
  Object {
    "data": Object {
      "created_utc": 1558257655,
    },
  },
  Object {
    "data": Object {
      "created_utc": 1587198099,
    },
  },
  Object {
    "data": Object {
      "created_utc": 1586374036,
    },
  },
  Object {
    "data": Object {
      "created_utc": 1584990995,
    },
  },
  Object {
    "data": Object {
      "created_utc": 1572973907,
    },
  },
  Object {
    "data": Object {
      "created_utc": 1572265868,
    },
  },
  Object {
    "data": Object {
      "created_utc": 1583153542,
    },
  },
  Object {
    "data": Object {
      "created_utc": 1579730760,
    },
  },
  Object {
    "data": Object {
      "created_utc": 1588176207,
    },
  },
  Object {
    "data": Object {
      "created_utc": 1578948009,
    },
  },
  Object {
    "data": Object {
      "created_utc": 1570917124,
    },
  },
  Object {
    "data": Object {
      "created_utc": 1582558582,
    },
  },
  Object {
    "data": Object {
      "created_utc": 1573743223,
    },
  },
  Object {
    "data": Object {
      "created_utc": 1569688218,
    },
  },
  Object {
    "data": Object {
      "created_utc": 1564503997,
    },
  },
  Object {
    "data": Object {
      "created_utc": 1562036590,
    },
  },
  Object {
    "data": Object {
      "created_utc": 1557489919,
    },
  },
  Object {
    "data": Object {
      "created_utc": 1567996010,
    },
  },
  Object {
    "data": Object {
      "created_utc": 1565078979,
    },
  },
  Object {
    "data": Object {
      "created_utc": 1568897053,
    },
  },
  Object {
    "data": Object {
      "created_utc": 1566990108,
    },
  },
  Object {
    "data": Object {
      "created_utc": 1561404964,
    },
  },
  Object {
    "data": Object {
      "created_utc": 1587559406,
    },
  },
  Object {
    "data": Object {
      "created_utc": 1586704218,
    },
  },
  Object {
    "data": Object {
      "created_utc": 1584790406,
    },
  },
  Object {
    "data": Object {
      "created_utc": 1570751755,
    },
  },
  Object {
    "data": Object {
      "created_utc": 1559036089,
    },
  },
  Object {
    "data": Object {
      "created_utc": 1575296743,
    },
  },
  Object {
    "data": Object {
      "created_utc": 1587052742,
    },
  },
  Object {
    "data": Object {
      "created_utc": 1563032122,
    },
  },
  Object {
    "data": Object {
      "created_utc": 1577976671,
    },
  },
  Object {
    "data": Object {
      "created_utc": 1574381644,
    },
  },
  Object {
    "data": Object {
      "created_utc": 1573205020,
    },
  },
  Object {
    "data": Object {
      "created_utc": 1577114936,
    },
  },
  Object {
    "data": Object {
      "created_utc": 1570546659,
    },
  },
  Object {
    "data": Object {
      "created_utc": 1568386962,
    },
  },
  Object {
    "data": Object {
      "created_utc": 1582411338,
    },
  },
  Object {
    "data": Object {
      "created_utc": 1581686002,
    },
  },
  Object {
    "data": Object {
      "created_utc": 1575492772,
    },
  },
  Object {
    "data": Object {
      "created_utc": 1562425414,
    },
  },
  Object {
    "data": Object {
      "created_utc": 1586980919,
    },
  },
  Object {
    "data": Object {
      "created_utc": 1577467892,
    },
  },
  Object {
    "data": Object {
      "created_utc": 1577299298,
    },
  },
  Object {
    "data": Object {
      "created_utc": 1563811394,
    },
  },
  Object {
    "data": Object {
      "created_utc": 1579991936,
    },
  },
  Object {
    "data": Object {
      "created_utc": 1563462886,
    },
  },
  Object {
    "data": Object {
      "created_utc": 1560282705,
    },
  },
  Object {
    "data": Object {
      "created_utc": 1585825661,
    },
  },
  Object {
    "data": Object {
      "created_utc": 1568475241,
    },
  },
  Object {
    "data": Object {
      "created_utc": 1562273627,
    },
  },
  Object {
    "data": Object {
      "created_utc": 1572889045,
    },
  },
  Object {
    "data": Object {
      "created_utc": 1587856255,
    },
  },
  Object {
    "data": Object {
      "created_utc": 1563507287,
    },
  },
  Object {
    "data": Object {
      "created_utc": 1563717371,
    },
  },
  Object {
    "data": Object {
      "created_utc": 1561555275,
    },
  },
  Object {
    "data": Object {
      "created_utc": 1559370304,
    },
  },
  Object {
    "data": Object {
      "created_utc": 1558640869,
    },
  },
  Object {
    "data": Object {
      "created_utc": 1584547482,
    },
  },
  Object {
    "data": Object {
      "created_utc": 1583990137,
    },
  },
  Object {
    "data": Object {
      "created_utc": 1570020400,
    },
  },
  Object {
    "data": Object {
      "created_utc": 1586952203,
    },
  },
  Object {
    "data": Object {
      "created_utc": 1582037752,
    },
  },
  Object {
    "data": Object {
      "created_utc": 1586844983,
    },
  },
  Object {
    "data": Object {
      "created_utc": 1582133057,
    },
  },
  Object {
    "data": Object {
      "created_utc": 1558022294,
    },
  },
  Object {
    "data": Object {
      "created_utc": 1584470194,
    },
  },
  Object {
    "data": Object {
      "created_utc": 1579179313,
    },
  },
  Object {
    "data": Object {
      "created_utc": 1564934247,
    },
  },
  Object {
    "data": Object {
      "created_utc": 1576074291,
    },
  },
  Object {
    "data": Object {
      "created_utc": 1567270017,
    },
  },
  Object {
    "data": Object {
      "created_utc": 1566336870,
    },
  },
  Object {
    "data": Object {
      "created_utc": 1560789307,
    },
  },
  Object {
    "data": Object {
      "created_utc": 1563239157,
    },
  },
  Object {
    "data": Object {
      "created_utc": 1583333797,
    },
  },
  Object {
    "data": Object {
      "created_utc": 1561971225,
    },
  },
  Object {
    "data": Object {
      "created_utc": 1567595738,
    },
  },
  Object {
    "data": Object {
      "created_utc": 1585641992,
    },
  },
  Object {
    "data": Object {
      "created_utc": 1572531932,
    },
  },
  Object {
    "data": Object {
      "created_utc": 1570450022,
    },
  },
  Object {
    "data": Object {
      "created_utc": 1569486251,
    },
  },
  Object {
    "data": Object {
      "created_utc": 1573152687,
    },
  },
  Object {
    "data": Object {
      "created_utc": 1579482149,
    },
  },
  Object {
    "data": Object {
      "created_utc": 1563788962,
    },
  },
  Object {
    "data": Object {
      "created_utc": 1582239587,
    },
  },
  Object {
    "data": Object {
      "created_utc": 1568049024,
    },
  },
  Object {
    "data": Object {
      "created_utc": 1582742154,
    },
  },
  Object {
    "data": Object {
      "created_utc": 1571237718,
    },
  },
  Object {
    "data": Object {
      "created_utc": 1559882293,
    },
  },
  Object {
    "data": Object {
      "created_utc": 1582991061,
    },
  },
  Object {
    "data": Object {
      "created_utc": 1582786113,
    },
  },
  Object {
    "data": Object {
      "created_utc": 1574854360,
    },
  },
  Object {
    "data": Object {
      "created_utc": 1564618329,
    },
  },
  Object {
    "data": Object {
      "created_utc": 1560405623,
    },
  },
  Object {
    "data": Object {
      "created_utc": 1580150280,
    },
  },
  Object {
    "data": Object {
      "created_utc": 1565717777,
    },
  },
  Object {
    "data": Object {
      "created_utc": 1573677522,
    },
  },
  Object {
    "data": Object {
      "created_utc": 1563296698,
    },
  },
  Object {
    "data": Object {
      "created_utc": 1566399883,
    },
  },
  Object {
    "data": Object {
      "created_utc": 1577645251,
    },
  },
  Object {
    "data": Object {
      "created_utc": 1574027837,
    },
  },
  Object {
    "data": Object {
      "created_utc": 1587686078,
    },
  },
  Object {
    "data": Object {
      "created_utc": 1564850850,
    },
  },
  Object {
    "data": Object {
      "created_utc": 1564069758,
    },
  },
  Object {
    "data": Object {
      "created_utc": 1568985006,
    },
  },
  Object {
    "data": Object {
      "created_utc": 1567351398,
    },
  },
  Object {
    "data": Object {
      "created_utc": 1559474830,
    },
  },
  Object {
    "data": Object {
      "created_utc": 1584249542,
    },
  },
  Object {
    "data": Object {
      "created_utc": 1588609039,
    },
  },
  Object {
    "data": Object {
      "created_utc": 1582476113,
    },
  },
  Object {
    "data": Object {
      "created_utc": 1579667438,
    },
  },
  Object {
    "data": Object {
      "created_utc": 1575567085,
    },
  },
  Object {
    "data": Object {
      "created_utc": 1563977812,
    },
  },
  Object {
    "data": Object {
      "created_utc": 1567068738,
    },
  },
  Object {
    "data": Object {
      "created_utc": 1583789245,
    },
  },
  Object {
    "data": Object {
      "created_utc": 1582641693,
    },
  },
  Object {
    "data": Object {
      "created_utc": 1566157816,
    },
  },
  Object {
    "data": Object {
      "created_utc": 1588363681,
    },
  },
  Object {
    "data": Object {
      "created_utc": 1557520896,
    },
  },
  Object {
    "data": Object {
      "created_utc": 1585145641,
    },
  },
  Object {
    "data": Object {
      "created_utc": 1579220295,
    },
  },
  Object {
    "data": Object {
      "created_utc": 1566660158,
    },
  },
  Object {
    "data": Object {
      "created_utc": 1565043562,
    },
  },
  Object {
    "data": Object {
      "created_utc": 1559449762,
    },
  },
  Object {
    "data": Object {
      "created_utc": 1583919485,
    },
  },
  Object {
    "data": Object {
      "created_utc": 1582057321,
    },
  },
  Object {
    "data": Object {
      "created_utc": 1576179256,
    },
  },
  Object {
    "data": Object {
      "created_utc": 1565289397,
    },
  },
  Object {
    "data": Object {
      "created_utc": 1579383836,
    },
  },
  Object {
    "data": Object {
      "created_utc": 1565491879,
    },
  },
  Object {
    "data": Object {
      "created_utc": 1588798419,
    },
  },
  Object {
    "data": Object {
      "created_utc": 1586426986,
    },
  },
  Object {
    "data": Object {
      "created_utc": 1565160302,
    },
  },
  Object {
    "data": Object {
      "created_utc": 1584913033,
    },
  },
  Object {
    "data": Object {
      "created_utc": 1574952487,
    },
  },
  Object {
    "data": Object {
      "created_utc": 1581345172,
    },
  },
  Object {
    "data": Object {
      "created_utc": 1585228144,
    },
  },
  Object {
    "data": Object {
      "created_utc": 1559763981,
    },
  },
  Object {
    "data": Object {
      "created_utc": 1585339645,
    },
  },
  Object {
    "data": Object {
      "created_utc": 1584093090,
    },
  },
  Object {
    "data": Object {
      "created_utc": 1581023538,
    },
  },
  Object {
    "data": Object {
      "created_utc": 1580686133,
    },
  },
  Object {
    "data": Object {
      "created_utc": 1564079789,
    },
  },
  Object {
    "data": Object {
      "created_utc": 1566621178,
    },
  },
  Object {
    "data": Object {
      "created_utc": 1588103236,
    },
  },
  Object {
    "data": Object {
      "created_utc": 1587802817,
    },
  },
  Object {
    "data": Object {
      "created_utc": 1576937229,
    },
  },
  Object {
    "data": Object {
      "created_utc": 1574528006,
    },
  },
  Object {
    "data": Object {
      "created_utc": 1574008795,
    },
  },
  Object {
    "data": Object {
      "created_utc": 1568223691,
    },
  },
  Object {
    "data": Object {
      "created_utc": 1580571576,
    },
  },
  Object {
    "data": Object {
      "created_utc": 1562963298,
    },
  },
  Object {
    "data": Object {
      "created_utc": 1586177451,
    },
  },
  Object {
    "data": Object {
      "created_utc": 1578158999,
    },
  },
  Object {
    "data": Object {
      "created_utc": 1574679175,
    },
  },
  Object {
    "data": Object {
      "created_utc": 1568561733,
    },
  },
  Object {
    "data": Object {
      "created_utc": 1564343977,
    },
  },
  Object {
    "data": Object {
      "created_utc": 1586687731,
    },
  },
  Object {
    "data": Object {
      "created_utc": 1578675604,
    },
  },
  Object {
    "data": Object {
      "created_utc": 1580397677,
    },
  },
  Object {
    "data": Object {
      "created_utc": 1580097628,
    },
  },
  Object {
    "data": Object {
      "created_utc": 1587071294,
    },
  },
  Object {
    "data": Object {
      "created_utc": 1580881849,
    },
  },
  Object {
    "data": Object {
      "created_utc": 1571741995,
    },
  },
  Object {
    "data": Object {
      "created_utc": 1584854662,
    },
  },
  Object {
    "data": Object {
      "created_utc": 1574758918,
    },
  },
  Object {
    "data": Object {
      "created_utc": 1572101634,
    },
  },
  Object {
    "data": Object {
      "created_utc": 1565959110,
    },
  },
  Object {
    "data": Object {
      "created_utc": 1578400116,
    },
  },
  Object {
    "data": Object {
      "created_utc": 1573389923,
    },
  },
  Object {
    "data": Object {
      "created_utc": 1566925096,
    },
  },
  Object {
    "data": Object {
      "created_utc": 1580028661,
    },
  },
  Object {
    "data": Object {
      "created_utc": 1567526237,
    },
  },
  Object {
    "data": Object {
      "created_utc": 1562161109,
    },
  },
  Object {
    "data": Object {
      "created_utc": 1588007069,
    },
  },
  Object {
    "data": Object {
      "created_utc": 1580113852,
    },
  },
  Object {
    "data": Object {
      "created_utc": 1568733542,
    },
  },
  Object {
    "data": Object {
      "created_utc": 1564995895,
    },
  },
  Object {
    "data": Object {
      "created_utc": 1562366673,
    },
  },
  Object {
    "data": Object {
      "created_utc": 1585864614,
    },
  },
  Object {
    "data": Object {
      "created_utc": 1579550213,
    },
  },
  Object {
    "data": Object {
      "created_utc": 1565093931,
    },
  },
  Object {
    "data": Object {
      "created_utc": 1582293893,
    },
  },
  Object {
    "data": Object {
      "created_utc": 1576510613,
    },
  },
  Object {
    "data": Object {
      "created_utc": 1580940887,
    },
  },
  Object {
    "data": Object {
      "created_utc": 1577165363,
    },
  },
  Object {
    "data": Object {
      "created_utc": 1575731232,
    },
  },
  Object {
    "data": Object {
      "created_utc": 1582717044,
    },
  },
  Object {
    "data": Object {
      "created_utc": 1568896359,
    },
  },
  Object {
    "data": Object {
      "created_utc": 1584734539,
    },
  },
  Object {
    "data": Object {
      "created_utc": 1572325578,
    },
  },
  Object {
    "data": Object {
      "created_utc": 1559670202,
    },
  },
  Object {
    "data": Object {
      "created_utc": 1583848797,
    },
  },
  Object {
    "data": Object {
      "created_utc": 1568299206,
    },
  },
  Object {
    "data": Object {
      "created_utc": 1562860332,
    },
  },
  Object {
    "data": Object {
      "created_utc": 1581302306,
    },
  },
  Object {
    "data": Object {
      "created_utc": 1565207070,
    },
  },
  Object {
    "data": Object {
      "created_utc": 1587135774,
    },
  },
  Object {
    "data": Object {
      "created_utc": 1566305893,
    },
  },
  Object {
    "data": Object {
      "created_utc": 1563636824,
    },
  },
  Object {
    "data": Object {
      "created_utc": 1588547794,
    },
  },
  Object {
    "data": Object {
      "created_utc": 1563561796,
    },
  },
  Object {
    "data": Object {
      "created_utc": 1561616079,
    },
  },
  Object {
    "data": Object {
      "created_utc": 1573845893,
    },
  },
  Object {
    "data": Object {
      "created_utc": 1561068040,
    },
  },
  Object {
    "data": Object {
      "created_utc": 1585711810,
    },
  },
  Object {
    "data": Object {
      "created_utc": 1569164366,
    },
  },
  Object {
    "data": Object {
      "created_utc": 1559315228,
    },
  },
  Object {
    "data": Object {
      "created_utc": 1562183534,
    },
  },
  Object {
    "data": Object {
      "created_utc": 1587636931,
    },
  },
  Object {
    "data": Object {
      "created_utc": 1584632567,
    },
  },
  Object {
    "data": Object {
      "created_utc": 1574435981,
    },
  },
  Object {
    "data": Object {
      "created_utc": 1572033908,
    },
  },
  Object {
    "data": Object {
      "created_utc": 1564299660,
    },
  },
  Object {
    "data": Object {
      "created_utc": 1562678764,
    },
  },
  Object {
    "data": Object {
      "created_utc": 1581611832,
    },
  },
  Object {
    "data": Object {
      "created_utc": 1581438131,
    },
  },
  Object {
    "data": Object {
      "created_utc": 1564764899,
    },
  },
  Object {
    "data": Object {
      "created_utc": 1570368790,
    },
  },
  Object {
    "data": Object {
      "created_utc": 1588479952,
    },
  },
  Object {
    "data": Object {
      "created_utc": 1586926679,
    },
  },
  Object {
    "data": Object {
      "created_utc": 1582895828,
    },
  },
  Object {
    "data": Object {
      "created_utc": 1561021522,
    },
  },
  Object {
    "data": Object {
      "created_utc": 1576774723,
    },
  },
  Object {
    "data": Object {
      "created_utc": 1569594764,
    },
  },
  Object {
    "data": Object {
      "created_utc": 1567420546,
    },
  },
  Object {
    "data": Object {
      "created_utc": 1557907332,
    },
  },
  Object {
    "data": Object {
      "created_utc": 1571666402,
    },
  },
  Object {
    "data": Object {
      "created_utc": 1567629272,
    },
  },
  Object {
    "data": Object {
      "created_utc": 1565914130,
    },
  },
  Object {
    "data": Object {
      "created_utc": 1560618450,
    },
  },
  Object {
    "data": Object {
      "created_utc": 1586272585,
    },
  },
  Object {
    "data": Object {
      "created_utc": 1584965518,
    },
  },
  Object {
    "data": Object {
      "created_utc": 1568645323,
    },
  },
  Object {
    "data": Object {
      "created_utc": 1558869035,
    },
  },
  Object {
    "data": Object {
      "created_utc": 1557407326,
    },
  },
  Object {
    "data": Object {
      "created_utc": 1586787874,
    },
  },
  Object {
    "data": Object {
      "created_utc": 1586112195,
    },
  },
  Object {
    "data": Object {
      "created_utc": 1568102265,
    },
  },
  Object {
    "data": Object {
      "created_utc": 1584868359,
    },
  },
  Object {
    "data": Object {
      "created_utc": 1580220305,
    },
  },
  Object {
    "data": Object {
      "created_utc": 1559551618,
    },
  },
  Object {
    "data": Object {
      "created_utc": 1575417789,
    },
  },
  Object {
    "data": Object {
      "created_utc": 1571106066,
    },
  },
  Object {
    "data": Object {
      "created_utc": 1577804974,
    },
  },
  Object {
    "data": Object {
      "created_utc": 1574191245,
    },
  },
  Object {
    "data": Object {
      "created_utc": 1573475925,
    },
  },
  Object {
    "data": Object {
      "created_utc": 1570281812,
    },
  },
  Object {
    "data": Object {
      "created_utc": 1567821086,
    },
  },
  Object {
    "data": Object {
      "created_utc": 1588680370,
    },
  },
  Object {
    "data": Object {
      "created_utc": 1571167648,
    },
  },
  Object {
    "data": Object {
      "created_utc": 1562637826,
    },
  },
  Object {
    "data": Object {
      "created_utc": 1588877668,
    },
  },
  Object {
    "data": Object {
      "created_utc": 1584192339,
    },
  },
  Object {
    "data": Object {
      "created_utc": 1581497437,
    },
  },
  Object {
    "data": Object {
      "created_utc": 1574335575,
    },
  },
  Object {
    "data": Object {
      "created_utc": 1562591688,
    },
  },
  Object {
    "data": Object {
      "created_utc": 1561653539,
    },
  },
  Object {
    "data": Object {
      "created_utc": 1587451277,
    },
  },
  Object {
    "data": Object {
      "created_utc": 1581884859,
    },
  },
  Object {
    "data": Object {
      "created_utc": 1578772742,
    },
  },
  Object {
    "data": Object {
      "created_utc": 1573560887,
    },
  },
  Object {
    "data": Object {
      "created_utc": 1585744776,
    },
  },
  Object {
    "data": Object {
      "created_utc": 1580842265,
    },
  },
  Object {
    "data": Object {
      "created_utc": 1576448158,
    },
  },
  Object {
    "data": Object {
      "created_utc": 1576348243,
    },
  },
  Object {
    "data": Object {
      "created_utc": 1575207892,
    },
  },
  Object {
    "data": Object {
      "created_utc": 1571262470,
    },
  },
  Object {
    "data": Object {
      "created_utc": 1579616660,
    },
  },
  Object {
    "data": Object {
      "created_utc": 1578529783,
    },
  },
  Object {
    "data": Object {
      "created_utc": 1578803947,
    },
  },
  Object {
    "data": Object {
      "created_utc": 1560229438,
    },
  },
  Object {
    "data": Object {
      "created_utc": 1585781658,
    },
  },
  Object {
    "data": Object {
      "created_utc": 1579603662,
    },
  },
  Object {
    "data": Object {
      "created_utc": 1571827797,
    },
  },
  Object {
    "data": Object {
      "created_utc": 1557944025,
    },
  },
  Object {
    "data": Object {
      "created_utc": 1584100897,
    },
  },
  Object {
    "data": Object {
      "created_utc": 1575113816,
    },
  },
  Object {
    "data": Object {
      "created_utc": 1569346530,
    },
  },
  Object {
    "data": Object {
      "created_utc": 1567023788,
    },
  },
  Object {
    "data": Object {
      "created_utc": 1588772250,
    },
  },
  Object {
    "data": Object {
      "created_utc": 1579298721,
    },
  },
  Object {
    "data": Object {
      "created_utc": 1569071092,
    },
  },
  Object {
    "data": Object {
      "created_utc": 1569006052,
    },
  },
  Object {
    "data": Object {
      "created_utc": 1587789695,
    },
  },
  Object {
    "data": Object {
      "created_utc": 1586435501,
    },
  },
  Object {
    "data": Object {
      "created_utc": 1576245923,
    },
  },
  Object {
    "data": Object {
      "created_utc": 1562929051,
    },
  },
  Object {
    "data": Object {
      "created_utc": 1558726154,
    },
  },
  Object {
    "data": Object {
      "created_utc": 1578852100,
    },
  },
  Object {
    "data": Object {
      "created_utc": 1557664861,
    },
  },
  Object {
    "data": Object {
      "created_utc": 1588067729,
    },
  },
  Object {
    "data": Object {
      "created_utc": 1557873716,
    },
  },
  Object {
    "data": Object {
      "created_utc": 1575465761,
    },
  },
  Object {
    "data": Object {
      "created_utc": 1573036734,
    },
  },
  Object {
    "data": Object {
      "created_utc": 1575133344,
    },
  },
  Object {
    "data": Object {
      "created_utc": 1573542654,
    },
  },
  Object {
    "data": Object {
      "created_utc": 1557786047,
    },
  },
  Object {
    "data": Object {
      "created_utc": 1569546351,
    },
  },
  Object {
    "data": Object {
      "created_utc": 1565369428,
    },
  },
  Object {
    "data": Object {
      "created_utc": 1558108034,
    },
  },
  Object {
    "data": Object {
      "created_utc": 1588196554,
    },
  },
  Object {
    "data": Object {
      "created_utc": 1585399935,
    },
  },
  Object {
    "data": Object {
      "created_utc": 1566779288,
    },
  },
  Object {
    "data": Object {
      "created_utc": 1563428120,
    },
  },
  Object {
    "data": Object {
      "created_utc": 1560695632,
    },
  },
  Object {
    "data": Object {
      "created_utc": 1587414766,
    },
  },
  Object {
    "data": Object {
      "created_utc": 1582376685,
    },
  },
  Object {
    "data": Object {
      "created_utc": 1572862863,
    },
  },
  Object {
    "data": Object {
      "created_utc": 1566517978,
    },
  },
  Object {
    "data": Object {
      "created_utc": 1564671130,
    },
  },
  Object {
    "data": Object {
      "created_utc": 1561501810,
    },
  },
  Object {
    "data": Object {
      "created_utc": 1581416023,
    },
  },
  Object {
    "data": Object {
      "created_utc": 1577428114,
    },
  },
  Object {
    "data": Object {
      "created_utc": 1577728066,
    },
  },
  Object {
    "data": Object {
      "created_utc": 1583090671,
    },
  },
  Object {
    "data": Object {
      "created_utc": 1580756448,
    },
  },
  Object {
    "data": Object {
      "created_utc": 1579474586,
    },
  },
  Object {
    "data": Object {
      "created_utc": 1577864726,
    },
  },
  Object {
    "data": Object {
      "created_utc": 1575358702,
    },
  },
  Object {
    "data": Object {
      "created_utc": 1567416572,
    },
  },
  Object {
    "data": Object {
      "created_utc": 1561821882,
    },
  },
  Object {
    "data": Object {
      "created_utc": 1558775062,
    },
  },
  Object {
    "data": Object {
      "created_utc": 1584943946,
    },
  },
  Object {
    "data": Object {
      "created_utc": 1572477154,
    },
  },
  Object {
    "data": Object {
      "created_utc": 1572288297,
    },
  },
  Object {
    "data": Object {
      "created_utc": 1568162263,
    },
  },
  Object {
    "data": Object {
      "created_utc": 1566462375,
    },
  },
  Object {
    "data": Object {
      "created_utc": 1564235414,
    },
  },
  Object {
    "data": Object {
      "created_utc": 1558589947,
    },
  },
  Object {
    "data": Object {
      "created_utc": 1586773590,
    },
  },
  Object {
    "data": Object {
      "created_utc": 1581204235,
    },
  },
  Object {
    "data": Object {
      "created_utc": 1560874548,
    },
  },
  Object {
    "data": Object {
      "created_utc": 1558489933,
    },
  },
  Object {
    "data": Object {
      "created_utc": 1585059514,
    },
  },
  Object {
    "data": Object {
      "created_utc": 1569653170,
    },
  },
  Object {
    "data": Object {
      "created_utc": 1584811235,
    },
  },
  Object {
    "data": Object {
      "created_utc": 1564206742,
    },
  },
  Object {
    "data": Object {
      "created_utc": 1575831796,
    },
  },
  Object {
    "data": Object {
      "created_utc": 1567689765,
    },
  },
  Object {
    "data": Object {
      "created_utc": 1561144482,
    },
  },
  Object {
    "data": Object {
      "created_utc": 1588430725,
    },
  },
  Object {
    "data": Object {
      "created_utc": 1574592375,
    },
  },
  Object {
    "data": Object {
      "created_utc": 1564409908,
    },
  },
  Object {
    "data": Object {
      "created_utc": 1563997260,
    },
  },
  Object {
    "data": Object {
      "created_utc": 1560740569,
    },
  },
  Object {
    "data": Object {
      "created_utc": 1561745773,
    },
  },
  Object {
    "data": Object {
      "created_utc": 1559997842,
    },
  },
  Object {
    "data": Object {
      "created_utc": 1585504061,
    },
  },
  Object {
    "data": Object {
      "created_utc": 1578334087,
    },
  },
  Object {
    "data": Object {
      "created_utc": 1576851100,
    },
  },
  Object {
    "data": Object {
      "created_utc": 1575968394,
    },
  },
  Object {
    "data": Object {
      "created_utc": 1574459101,
    },
  },
  Object {
    "data": Object {
      "created_utc": 1566737700,
    },
  },
  Object {
    "data": Object {
      "created_utc": 1581267035,
    },
  },
  Object {
    "data": Object {
      "created_utc": 1576399727,
    },
  },
  Object {
    "data": Object {
      "created_utc": 1576884176,
    },
  },
  Object {
    "data": Object {
      "created_utc": 1570385919,
    },
  },
  Object {
    "data": Object {
      "created_utc": 1569248649,
    },
  },
  Object {
    "data": Object {
      "created_utc": 1562524445,
    },
  },
  Object {
    "data": Object {
      "created_utc": 1587329598,
    },
  },
  Object {
    "data": Object {
      "created_utc": 1585232226,
    },
  },
  Object {
    "data": Object {
      "created_utc": 1578492624,
    },
  },
  Object {
    "data": Object {
      "created_utc": 1571094543,
    },
  },
  Object {
    "data": Object {
      "created_utc": 1563107617,
    },
  },
  Object {
    "data": Object {
      "created_utc": 1588443551,
    },
  },
  Object {
    "data": Object {
      "created_utc": 1582014632,
    },
  },
  Object {
    "data": Object {
      "created_utc": 1575060835,
    },
  },
  Object {
    "data": Object {
      "created_utc": 1564586135,
    },
  },
  Object {
    "data": Object {
      "created_utc": 1563360363,
    },
  },
  Object {
    "data": Object {
      "created_utc": 1561477824,
    },
  },
  Object {
    "data": Object {
      "created_utc": 1560143738,
    },
  },
  Object {
    "data": Object {
      "created_utc": 1559136135,
    },
  },
  Object {
    "data": Object {
      "created_utc": 1572443526,
    },
  },
  Object {
    "data": Object {
      "created_utc": 1570466057,
    },
  },
  Object {
    "data": Object {
      "created_utc": 1570091627,
    },
  },
  Object {
    "data": Object {
      "created_utc": 1565549927,
    },
  },
  Object {
    "data": Object {
      "created_utc": 1559659347,
    },
  },
  Object {
    "data": Object {
      "created_utc": 1574079759,
    },
  },
  Object {
    "data": Object {
      "created_utc": 1569166248,
    },
  },
  Object {
    "data": Object {
      "created_utc": 1565687233,
    },
  },
  Object {
    "data": Object {
      "created_utc": 1579873180,
    },
  },
  Object {
    "data": Object {
      "created_utc": 1575388037,
    },
  },
  Object {
    "data": Object {
      "created_utc": 1559274822,
    },
  },
  Object {
    "data": Object {
      "created_utc": 1585966223,
    },
  },
  Object {
    "data": Object {
      "created_utc": 1579101516,
    },
  },
  Object {
    "data": Object {
      "created_utc": 1573655029,
    },
  },
  Object {
    "data": Object {
      "created_utc": 1572808718,
    },
  },
  Object {
    "data": Object {
      "created_utc": 1567974141,
    },
  },
  Object {
    "data": Object {
      "created_utc": 1566218029,
    },
  },
  Object {
    "data": Object {
      "created_utc": 1588578833,
    },
  },
  Object {
    "data": Object {
      "created_utc": 1588310237,
    },
  },
  Object {
    "data": Object {
      "created_utc": 1570321655,
    },
  },
  Object {
    "data": Object {
      "created_utc": 1565214486,
    },
  },
  Object {
    "data": Object {
      "created_utc": 1562716366,
    },
  },
  Object {
    "data": Object {
      "created_utc": 1560070603,
    },
  },
  Object {
    "data": Object {
      "created_utc": 1559951208,
    },
  },
  Object {
    "data": Object {
      "created_utc": 1588860898,
    },
  },
  Object {
    "data": Object {
      "created_utc": 1583841289,
    },
  },
  Object {
    "data": Object {
      "created_utc": 1574267005,
    },
  },
  Object {
    "data": Object {
      "created_utc": 1581002519,
    },
  },
  Object {
    "data": Object {
      "created_utc": 1570722458,
    },
  },
  Object {
    "data": Object {
      "created_utc": 1567342705,
    },
  },
  Object {
    "data": Object {
      "created_utc": 1563928228,
    },
  },
  Object {
    "data": Object {
      "created_utc": 1558363506,
    },
  },
  Object {
    "data": Object {
      "created_utc": 1584120672,
    },
  },
  Object {
    "data": Object {
      "created_utc": 1582826817,
    },
  },
  Object {
    "data": Object {
      "created_utc": 1582340386,
    },
  },
  Object {
    "data": Object {
      "created_utc": 1572933708,
    },
  },
  Object {
    "data": Object {
      "created_utc": 1565769673,
    },
  },
  Object {
    "data": Object {
      "created_utc": 1561379527,
    },
  },
  Object {
    "data": Object {
      "created_utc": 1561253305,
    },
  },
  Object {
    "data": Object {
      "created_utc": 1558809900,
    },
  },
  Object {
    "data": Object {
      "created_utc": 1583934884,
    },
  },
  Object {
    "data": Object {
      "created_utc": 1577574509,
    },
  },
  Object {
    "data": Object {
      "created_utc": 1558906353,
    },
  },
  Object {
    "data": Object {
      "created_utc": 1578592178,
    },
  },
  Object {
    "data": Object {
      "created_utc": 1578442229,
    },
  },
  Object {
    "data": Object {
      "created_utc": 1578018185,
    },
  },
  Object {
    "data": Object {
      "created_utc": 1561128159,
    },
  },
  Object {
    "data": Object {
      "created_utc": 1587742603,
    },
  },
  Object {
    "data": Object {
      "created_utc": 1587354130,
    },
  },
  Object {
    "data": Object {
      "created_utc": 1581972220,
    },
  },
  Object {
    "data": Object {
      "created_utc": 1579090111,
    },
  },
  Object {
    "data": Object {
      "created_utc": 1583408358,
    },
  },
  Object {
    "data": Object {
      "created_utc": 1582097852,
    },
  },
  Object {
    "data": Object {
      "created_utc": 1579011094,
    },
  },
  Object {
    "data": Object {
      "created_utc": 1567951651,
    },
  },
  Object {
    "data": Object {
      "created_utc": 1558795401,
    },
  },
  Object {
    "data": Object {
      "created_utc": 1586494738,
    },
  },
  Object {
    "data": Object {
      "created_utc": 1581034208,
    },
  },
  Object {
    "data": Object {
      "created_utc": 1579037662,
    },
  },
  Object {
    "data": Object {
      "created_utc": 1575903399,
    },
  },
  Object {
    "data": Object {
      "created_utc": 1564145837,
    },
  },
  Object {
    "data": Object {
      "created_utc": 1557834079,
    },
  },
  Object {
    "data": Object {
      "created_utc": 1581524383,
    },
  },
  Object {
    "data": Object {
      "created_utc": 1564415175,
    },
  },
  Object {
    "data": Object {
      "created_utc": 1563199186,
    },
  },
  Object {
    "data": Object {
      "created_utc": 1558318477,
    },
  },
  Object {
    "data": Object {
      "created_utc": 1586603877,
    },
  },
  Object {
    "data": Object {
      "created_utc": 1578272609,
    },
  },
  Object {
    "data": Object {
      "created_utc": 1572800822,
    },
  },
  Object {
    "data": Object {
      "created_utc": 1571846664,
    },
  },
  Object {
    "data": Object {
      "created_utc": 1571341951,
    },
  },
  Object {
    "data": Object {
      "created_utc": 1571127752,
    },
  },
  Object {
    "data": Object {
      "created_utc": 1568008894,
    },
  },
  Object {
    "data": Object {
      "created_utc": 1560798099,
    },
  },
  Object {
    "data": Object {
      "created_utc": 1558711556,
    },
  },
  Object {
    "data": Object {
      "created_utc": 1586059570,
    },
  },
  Object {
    "data": Object {
      "created_utc": 1578693238,
    },
  },
  Object {
    "data": Object {
      "created_utc": 1570997754,
    },
  },
  Object {
    "data": Object {
      "created_utc": 1566098229,
    },
  },
]
`;
